--- BACKEND VERIFICATION FLOW ---
[1/4] Healthz: 200 { data: { service: 'go', status: 'ok' }, success: true }
[2/4] Registering test user...
Ô£à Registration successful!
[3/4] Logging in...
node : ÔØî Login failed: 403 
{
At line:1 char:1
+ node test-backend-flow.js >
 test-output.txt 2>&1; type t
est-output.tx ...
+ ~~~~~~~~~~~~~~~~~~~~~~~~~~~
~~~~~~~~~~~~~~~~~~~~~
    + CategoryInfo           
   : NotSpecified: (ÔØî Log  
  in failed: 403 {:String)   
  [], RemoteException
    + FullyQualifiedErrorId  
   : NativeCommandError
 
  error: {
    code: 'email_not_verified
',
    details: {
      email: 'test_1773834105
519@macradar.app',
      expiresAt: '2026-03-19T
14:41:45.584442+03:00',
      resendAvailableAt: '202
6-03-18T14:42:45.584797+03:00
',
      status: 'pending_verifi
cation'
    },
    message: 'Email adresiniz
i dogrulamadan giris yapamazs
iniz.'
  },
  success: false
}
Error: Login failed
    at runTests (C:\Users\ozc
an\MacRadar\backend\test-back
end-flow.js:70:11)
    at process.processTicksAn
dRejections (node:internal/pr
ocess/task_queues:105:5)
